Archive member included to satisfy reference by file (symbol)

c:/st/stm32cubeide_1.6.1/stm32cubeide/plugins/com.st.stm32cube.ide.mcu.externaltools.gnu-tools-for-stm32.9-2020-q2-update.win32_1.5.0.202011040924/tools/bin/../lib/gcc/arm-none-eabi/9.3.1/../../../../arm-none-eabi/lib/thumb/v7e-m/nofp\libc_nano.a(lib_a-errno.o)
                              Src/syscalls.o (__errno)
c:/st/stm32cubeide_1.6.1/stm32cubeide/plugins/com.st.stm32cube.ide.mcu.externaltools.gnu-tools-for-stm32.9-2020-q2-update.win32_1.5.0.202011040924/tools/bin/../lib/gcc/arm-none-eabi/9.3.1/../../../../arm-none-eabi/lib/thumb/v7e-m/nofp\libc_nano.a(lib_a-exit.o)
                              c:/st/stm32cubeide_1.6.1/stm32cubeide/plugins/com.st.stm32cube.ide.mcu.externaltools.gnu-tools-for-stm32.9-2020-q2-update.win32_1.5.0.202011040924/tools/bin/../lib/gcc/arm-none-eabi/9.3.1/../../../../arm-none-eabi/lib/thumb/v7e-m/nofp/crt0.o (exit)
c:/st/stm32cubeide_1.6.1/stm32cubeide/plugins/com.st.stm32cube.ide.mcu.externaltools.gnu-tools-for-stm32.9-2020-q2-update.win32_1.5.0.202011040924/tools/bin/../lib/gcc/arm-none-eabi/9.3.1/../../../../arm-none-eabi/lib/thumb/v7e-m/nofp\libc_nano.a(lib_a-impure.o)
                              c:/st/stm32cubeide_1.6.1/stm32cubeide/plugins/com.st.stm32cube.ide.mcu.externaltools.gnu-tools-for-stm32.9-2020-q2-update.win32_1.5.0.202011040924/tools/bin/../lib/gcc/arm-none-eabi/9.3.1/../../../../arm-none-eabi/lib/thumb/v7e-m/nofp\libc_nano.a(lib_a-exit.o) (_global_impure_ptr)
c:/st/stm32cubeide_1.6.1/stm32cubeide/plugins/com.st.stm32cube.ide.mcu.externaltools.gnu-tools-for-stm32.9-2020-q2-update.win32_1.5.0.202011040924/tools/bin/../lib/gcc/arm-none-eabi/9.3.1/../../../../arm-none-eabi/lib/thumb/v7e-m/nofp\libc_nano.a(lib_a-init.o)
                              c:/st/stm32cubeide_1.6.1/stm32cubeide/plugins/com.st.stm32cube.ide.mcu.externaltools.gnu-tools-for-stm32.9-2020-q2-update.win32_1.5.0.202011040924/tools/bin/../lib/gcc/arm-none-eabi/9.3.1/../../../../arm-none-eabi/lib/thumb/v7e-m/nofp/crt0.o (__libc_init_array)
c:/st/stm32cubeide_1.6.1/stm32cubeide/plugins/com.st.stm32cube.ide.mcu.externaltools.gnu-tools-for-stm32.9-2020-q2-update.win32_1.5.0.202011040924/tools/bin/../lib/gcc/arm-none-eabi/9.3.1/../../../../arm-none-eabi/lib/thumb/v7e-m/nofp\libc_nano.a(lib_a-memset.o)
                              c:/st/stm32cubeide_1.6.1/stm32cubeide/plugins/com.st.stm32cube.ide.mcu.externaltools.gnu-tools-for-stm32.9-2020-q2-update.win32_1.5.0.202011040924/tools/bin/../lib/gcc/arm-none-eabi/9.3.1/../../../../arm-none-eabi/lib/thumb/v7e-m/nofp/crt0.o (memset)
c:/st/stm32cubeide_1.6.1/stm32cubeide/plugins/com.st.stm32cube.ide.mcu.externaltools.gnu-tools-for-stm32.9-2020-q2-update.win32_1.5.0.202011040924/tools/bin/../lib/gcc/arm-none-eabi/9.3.1/../../../../arm-none-eabi/lib/thumb/v7e-m/nofp\libc_nano.a(lib_a-strlen.o)
                              Src/SPI_FULL_DUPLEX.o (strlen)

Allocating common symbols
Common symbol       size              file

spi_con             0x20              Src/SPI_FULL_DUPLEX.o
gpio_con            0xc               Src/SPI_FULL_DUPLEX.o

Discarded input sections

 .text          0x0000000000000000        0x0 c:/st/stm32cubeide_1.6.1/stm32cubeide/plugins/com.st.stm32cube.ide.mcu.externaltools.gnu-tools-for-stm32.9-2020-q2-update.win32_1.5.0.202011040924/tools/bin/../lib/gcc/arm-none-eabi/9.3.1/thumb/v7e-m/nofp/crti.o
 .data          0x0000000000000000        0x0 c:/st/stm32cubeide_1.6.1/stm32cubeide/plugins/com.st.stm32cube.ide.mcu.externaltools.gnu-tools-for-stm32.9-2020-q2-update.win32_1.5.0.202011040924/tools/bin/../lib/gcc/arm-none-eabi/9.3.1/thumb/v7e-m/nofp/crti.o
 .bss           0x0000000000000000        0x0 c:/st/stm32cubeide_1.6.1/stm32cubeide/plugins/com.st.stm32cube.ide.mcu.externaltools.gnu-tools-for-stm32.9-2020-q2-update.win32_1.5.0.202011040924/tools/bin/../lib/gcc/arm-none-eabi/9.3.1/thumb/v7e-m/nofp/crti.o
 .data          0x0000000000000000        0x4 c:/st/stm32cubeide_1.6.1/stm32cubeide/plugins/com.st.stm32cube.ide.mcu.externaltools.gnu-tools-for-stm32.9-2020-q2-update.win32_1.5.0.202011040924/tools/bin/../lib/gcc/arm-none-eabi/9.3.1/thumb/v7e-m/nofp/crtbegin.o
 .text          0x0000000000000000       0x7c c:/st/stm32cubeide_1.6.1/stm32cubeide/plugins/com.st.stm32cube.ide.mcu.externaltools.gnu-tools-for-stm32.9-2020-q2-update.win32_1.5.0.202011040924/tools/bin/../lib/gcc/arm-none-eabi/9.3.1/../../../../arm-none-eabi/lib/thumb/v7e-m/nofp/crt0.o
 .data          0x0000000000000000        0x0 c:/st/stm32cubeide_1.6.1/stm32cubeide/plugins/com.st.stm32cube.ide.mcu.externaltools.gnu-tools-for-stm32.9-2020-q2-update.win32_1.5.0.202011040924/tools/bin/../lib/gcc/arm-none-eabi/9.3.1/../../../../arm-none-eabi/lib/thumb/v7e-m/nofp/crt0.o
 .bss           0x0000000000000000        0x0 c:/st/stm32cubeide_1.6.1/stm32cubeide/plugins/com.st.stm32cube.ide.mcu.externaltools.gnu-tools-for-stm32.9-2020-q2-update.win32_1.5.0.202011040924/tools/bin/../lib/gcc/arm-none-eabi/9.3.1/../../../../arm-none-eabi/lib/thumb/v7e-m/nofp/crt0.o
 .ARM.extab     0x0000000000000000        0x0 c:/st/stm32cubeide_1.6.1/stm32cubeide/plugins/com.st.stm32cube.ide.mcu.externaltools.gnu-tools-for-stm32.9-2020-q2-update.win32_1.5.0.202011040924/tools/bin/../lib/gcc/arm-none-eabi/9.3.1/../../../../arm-none-eabi/lib/thumb/v7e-m/nofp/crt0.o
 .ARM.exidx     0x0000000000000000       0x10 c:/st/stm32cubeide_1.6.1/stm32cubeide/plugins/com.st.stm32cube.ide.mcu.externaltools.gnu-tools-for-stm32.9-2020-q2-update.win32_1.5.0.202011040924/tools/bin/../lib/gcc/arm-none-eabi/9.3.1/../../../../arm-none-eabi/lib/thumb/v7e-m/nofp/crt0.o
 .ARM.attributes
                0x0000000000000000       0x1c c:/st/stm32cubeide_1.6.1/stm32cubeide/plugins/com.st.stm32cube.ide.mcu.externaltools.gnu-tools-for-stm32.9-2020-q2-update.win32_1.5.0.202011040924/tools/bin/../lib/gcc/arm-none-eabi/9.3.1/../../../../arm-none-eabi/lib/thumb/v7e-m/nofp/crt0.o
 .group         0x0000000000000000        0xc Src/SPI_FULL_DUPLEX.o
 .group         0x0000000000000000        0xc Src/SPI_FULL_DUPLEX.o
 .group         0x0000000000000000        0xc Src/SPI_FULL_DUPLEX.o
 .group         0x0000000000000000        0xc Src/SPI_FULL_DUPLEX.o
 .group         0x0000000000000000        0xc Src/SPI_FULL_DUPLEX.o
 .group         0x0000000000000000        0xc Src/SPI_FULL_DUPLEX.o
 .group         0x0000000000000000        0xc Src/SPI_FULL_DUPLEX.o
 .group         0x0000000000000000        0xc Src/SPI_FULL_DUPLEX.o
 .group         0x0000000000000000        0xc Src/SPI_FULL_DUPLEX.o
 .group         0x0000000000000000        0xc Src/SPI_FULL_DUPLEX.o
 .group         0x0000000000000000        0xc Src/SPI_FULL_DUPLEX.o
 .group         0x0000000000000000        0xc Src/SPI_FULL_DUPLEX.o
 .group         0x0000000000000000        0xc Src/SPI_FULL_DUPLEX.o
 .group         0x0000000000000000        0xc Src/SPI_FULL_DUPLEX.o
 .group         0x0000000000000000        0xc Src/SPI_FULL_DUPLEX.o
 .group         0x0000000000000000        0xc Src/SPI_FULL_DUPLEX.o
 .group         0x0000000000000000        0xc Src/SPI_FULL_DUPLEX.o
 .group         0x0000000000000000        0xc Src/SPI_FULL_DUPLEX.o
 .group         0x0000000000000000        0xc Src/SPI_FULL_DUPLEX.o
 .group         0x0000000000000000        0xc Src/SPI_FULL_DUPLEX.o
 .group         0x0000000000000000        0xc Src/SPI_FULL_DUPLEX.o
 .group         0x0000000000000000        0xc Src/SPI_FULL_DUPLEX.o
 .group         0x0000000000000000        0xc Src/SPI_FULL_DUPLEX.o
 .group         0x0000000000000000        0xc Src/SPI_FULL_DUPLEX.o
 .group         0x0000000000000000        0xc Src/SPI_FULL_DUPLEX.o
 .group         0x0000000000000000        0xc Src/SPI_FULL_DUPLEX.o
 .group         0x0000000000000000        0xc Src/SPI_FULL_DUPLEX.o
 .group         0x0000000000000000        0xc Src/SPI_FULL_DUPLEX.o
 .text          0x0000000000000000        0x0 Src/SPI_FULL_DUPLEX.o
 .data          0x0000000000000000        0x0 Src/SPI_FULL_DUPLEX.o
 .bss           0x0000000000000000        0x0 Src/SPI_FULL_DUPLEX.o
 .group         0x0000000000000000        0xc Src/syscalls.o
 .group         0x0000000000000000        0xc Src/syscalls.o
 .group         0x0000000000000000        0xc Src/syscalls.o
 .group         0x0000000000000000        0xc Src/syscalls.o
 .group         0x0000000000000000        0xc Src/syscalls.o
 .group         0x0000000000000000        0xc Src/syscalls.o
 .group         0x0000000000000000        0xc Src/syscalls.o
 .group         0x0000000000000000        0xc Src/syscalls.o
 .group         0x0000000000000000        0xc Src/syscalls.o
 .group         0x0000000000000000        0xc Src/syscalls.o
 .group         0x0000000000000000        0xc Src/syscalls.o
 .group         0x0000000000000000        0xc Src/syscalls.o
 .group         0x0000000000000000        0xc Src/syscalls.o
 .group         0x0000000000000000        0xc Src/syscalls.o
 .group         0x0000000000000000        0xc Src/syscalls.o
 .group         0x0000000000000000        0xc Src/syscalls.o
 .group         0x0000000000000000        0xc Src/syscalls.o
 .group         0x0000000000000000        0xc Src/syscalls.o
 .group         0x0000000000000000        0xc Src/syscalls.o
 .group         0x0000000000000000        0xc Src/syscalls.o
 .group         0x0000000000000000        0xc Src/syscalls.o
 .group         0x0000000000000000        0xc Src/syscalls.o
 .group         0x0000000000000000        0xc Src/syscalls.o
 .group         0x0000000000000000        0xc Src/syscalls.o
 .group         0x0000000000000000        0xc Src/syscalls.o
 .group         0x0000000000000000        0xc Src/syscalls.o
 .group         0x0000000000000000        0xc Src/syscalls.o
 .group         0x0000000000000000        0xc Src/syscalls.o
 .group         0x0000000000000000        0xc Src/syscalls.o
 .group         0x0000000000000000        0xc Src/syscalls.o
 .group         0x0000000000000000        0xc Src/syscalls.o
 .group         0x0000000000000000        0xc Src/syscalls.o
 .group         0x0000000000000000        0xc Src/syscalls.o
 .group         0x0000000000000000        0xc Src/syscalls.o
 .group         0x0000000000000000        0xc Src/syscalls.o
 .group         0x0000000000000000        0xc Src/syscalls.o
 .group         0x0000000000000000        0xc Src/syscalls.o
 .group         0x0000000000000000        0xc Src/syscalls.o
 .group         0x0000000000000000        0xc Src/syscalls.o
 .group         0x0000000000000000        0xc Src/syscalls.o
 .group         0x0000000000000000        0xc Src/syscalls.o
 .group         0x0000000000000000        0xc Src/syscalls.o
 .group         0x0000000000000000        0xc Src/syscalls.o
 .group         0x0000000000000000        0xc Src/syscalls.o
 .group         0x0000000000000000        0xc Src/syscalls.o
 .group         0x0000000000000000        0xc Src/syscalls.o
 .group         0x0000000000000000        0xc Src/syscalls.o
 .text          0x0000000000000000        0x0 Src/syscalls.o
 .data          0x0000000000000000        0x0 Src/syscalls.o
 .bss           0x0000000000000000        0x0 Src/syscalls.o
 .bss.__env     0x0000000000000000        0x4 Src/syscalls.o
 .data.environ  0x0000000000000000        0x4 Src/syscalls.o
 .text.initialise_monitor_handles
                0x0000000000000000        0xc Src/syscalls.o
 .text._getpid  0x0000000000000000        0xe Src/syscalls.o
 .text._kill    0x0000000000000000       0x20 Src/syscalls.o
 .text._exit    0x0000000000000000       0x14 Src/syscalls.o
 .text._read    0x0000000000000000       0x3a Src/syscalls.o
 .text._write   0x0000000000000000       0x38 Src/syscalls.o
 .text._close   0x0000000000000000       0x16 Src/syscalls.o
 .text._fstat   0x0000000000000000       0x1e Src/syscalls.o
 .text._isatty  0x0000000000000000       0x14 Src/syscalls.o
 .text._lseek   0x0000000000000000       0x18 Src/syscalls.o
 .text._open    0x0000000000000000       0x1a Src/syscalls.o
 .text._wait    0x0000000000000000       0x1e Src/syscalls.o
 .text._unlink  0x0000000000000000       0x1e Src/syscalls.o
 .text._times   0x0000000000000000       0x16 Src/syscalls.o
 .text._stat    0x0000000000000000       0x1e Src/syscalls.o
 .text._link    0x0000000000000000       0x20 Src/syscalls.o
 .text._fork    0x0000000000000000       0x16 Src/syscalls.o
 .text._execve  0x0000000000000000       0x22 Src/syscalls.o
 .debug_info    0x0000000000000000      0xfa8 Src/syscalls.o
 .debug_abbrev  0x0000000000000000      0x286 Src/syscalls.o
 .debug_aranges
                0x0000000000000000       0xa8 Src/syscalls.o
 .debug_ranges  0x0000000000000000       0x98 Src/syscalls.o
 .debug_macro   0x0000000000000000      0x24c Src/syscalls.o
 .debug_macro   0x0000000000000000      0xaa8 Src/syscalls.o
 .debug_macro   0x0000000000000000       0x22 Src/syscalls.o
 .debug_macro   0x0000000000000000       0x4c Src/syscalls.o
 .debug_macro   0x0000000000000000       0x18 Src/syscalls.o
 .debug_macro   0x0000000000000000       0x94 Src/syscalls.o
 .debug_macro   0x0000000000000000       0x3c Src/syscalls.o
 .debug_macro   0x0000000000000000       0x34 Src/syscalls.o
 .debug_macro   0x0000000000000000       0x57 Src/syscalls.o
 .debug_macro   0x0000000000000000      0x174 Src/syscalls.o
 .debug_macro   0x0000000000000000      0x339 Src/syscalls.o
 .debug_macro   0x0000000000000000       0x16 Src/syscalls.o
 .debug_macro   0x0000000000000000       0x43 Src/syscalls.o
 .debug_macro   0x0000000000000000       0x34 Src/syscalls.o
 .debug_macro   0x0000000000000000       0x10 Src/syscalls.o
 .debug_macro   0x0000000000000000       0x58 Src/syscalls.o
 .debug_macro   0x0000000000000000       0x71 Src/syscalls.o
 .debug_macro   0x0000000000000000       0x1c Src/syscalls.o
 .debug_macro   0x0000000000000000      0x12a Src/syscalls.o
 .debug_macro   0x0000000000000000       0x10 Src/syscalls.o
 .debug_macro   0x0000000000000000       0x35 Src/syscalls.o
 .debug_macro   0x0000000000000000       0x10 Src/syscalls.o
 .debug_macro   0x0000000000000000       0x10 Src/syscalls.o
 .debug_macro   0x0000000000000000       0x10 Src/syscalls.o
 .debug_macro   0x0000000000000000       0x6a Src/syscalls.o
 .debug_macro   0x0000000000000000       0x1c Src/syscalls.o
 .debug_macro   0x0000000000000000       0x52 Src/syscalls.o
 .debug_macro   0x0000000000000000       0x22 Src/syscalls.o
 .debug_macro   0x0000000000000000       0x10 Src/syscalls.o
 .debug_macro   0x0000000000000000       0x40 Src/syscalls.o
 .debug_macro   0x0000000000000000       0xd5 Src/syscalls.o
 .debug_macro   0x0000000000000000       0x1c Src/syscalls.o
 .debug_macro   0x0000000000000000       0x3d Src/syscalls.o
 .debug_macro   0x0000000000000000       0x35 Src/syscalls.o
 .debug_macro   0x0000000000000000      0x12c Src/syscalls.o
 .debug_macro   0x0000000000000000       0x16 Src/syscalls.o
 .debug_macro   0x0000000000000000       0x16 Src/syscalls.o
 .debug_macro   0x0000000000000000       0x29 Src/syscalls.o
 .debug_macro   0x0000000000000000       0x10 Src/syscalls.o
 .debug_macro   0x0000000000000000      0x241 Src/syscalls.o
 .debug_macro   0x0000000000000000       0x1c Src/syscalls.o
 .debug_macro   0x0000000000000000       0x10 Src/syscalls.o
 .debug_macro   0x0000000000000000       0x10 Src/syscalls.o
 .debug_macro   0x0000000000000000       0x16 Src/syscalls.o
 .debug_macro   0x0000000000000000      0x145 Src/syscalls.o
 .debug_macro   0x0000000000000000      0x189 Src/syscalls.o
 .debug_macro   0x0000000000000000       0x16 Src/syscalls.o
 .debug_macro   0x0000000000000000       0xce Src/syscalls.o
 .debug_line    0x0000000000000000      0x7fd Src/syscalls.o
 .debug_str     0x0000000000000000     0x8eac Src/syscalls.o
 .comment       0x0000000000000000       0x54 Src/syscalls.o
 .debug_frame   0x0000000000000000      0x2ac Src/syscalls.o
 .ARM.attributes
                0x0000000000000000       0x2e Src/syscalls.o
 .group         0x0000000000000000        0xc Src/sysmem.o
 .group         0x0000000000000000        0xc Src/sysmem.o
 .group         0x0000000000000000        0xc Src/sysmem.o
 .group         0x0000000000000000        0xc Src/sysmem.o
 .group         0x0000000000000000        0xc Src/sysmem.o
 .group         0x0000000000000000        0xc Src/sysmem.o
 .group         0x0000000000000000        0xc Src/sysmem.o
 .group         0x0000000000000000        0xc Src/sysmem.o
 .group         0x0000000000000000        0xc Src/sysmem.o
 .group         0x0000000000000000        0xc Src/sysmem.o
 .group         0x0000000000000000        0xc Src/sysmem.o
 .group         0x0000000000000000        0xc Src/sysmem.o
 .group         0x0000000000000000        0xc Src/sysmem.o
 .group         0x0000000000000000        0xc Src/sysmem.o
 .group         0x0000000000000000        0xc Src/sysmem.o
 .group         0x0000000000000000        0xc Src/sysmem.o
 .group         0x0000000000000000        0xc Src/sysmem.o
 .group         0x0000000000000000        0xc Src/sysmem.o
 .group         0x0000000000000000        0xc Src/sysmem.o
 .group         0x0000000000000000        0xc Src/sysmem.o
 .group         0x0000000000000000        0xc Src/sysmem.o
 .group         0x0000000000000000        0xc Src/sysmem.o
 .text          0x0000000000000000        0x0 Src/sysmem.o
 .data          0x0000000000000000        0x0 Src/sysmem.o
 .bss           0x0000000000000000        0x0 Src/sysmem.o
 .bss.__sbrk_heap_end
                0x0000000000000000        0x4 Src/sysmem.o
 .text._sbrk    0x0000000000000000       0x6c Src/sysmem.o
 .debug_info    0x0000000000000000      0xa25 Src/sysmem.o
 .debug_abbrev  0x0000000000000000      0x1bf Src/sysmem.o
 .debug_aranges
                0x0000000000000000       0x20 Src/sysmem.o
 .debug_ranges  0x0000000000000000       0x10 Src/sysmem.o
 .debug_macro   0x0000000000000000       0xff Src/sysmem.o
 .debug_macro   0x0000000000000000      0xaa8 Src/sysmem.o
 .debug_macro   0x0000000000000000       0x10 Src/sysmem.o
 .debug_macro   0x0000000000000000       0x22 Src/sysmem.o
 .debug_macro   0x0000000000000000       0x4c Src/sysmem.o
 .debug_macro   0x0000000000000000       0x18 Src/sysmem.o
 .debug_macro   0x0000000000000000       0x94 Src/sysmem.o
 .debug_macro   0x0000000000000000       0x3c Src/sysmem.o
 .debug_macro   0x0000000000000000       0x34 Src/sysmem.o
 .debug_macro   0x0000000000000000      0x174 Src/sysmem.o
 .debug_macro   0x0000000000000000       0x16 Src/sysmem.o
 .debug_macro   0x0000000000000000       0x43 Src/sysmem.o
 .debug_macro   0x0000000000000000       0x57 Src/sysmem.o
 .debug_macro   0x0000000000000000       0x34 Src/sysmem.o
 .debug_macro   0x0000000000000000       0x10 Src/sysmem.o
 .debug_macro   0x0000000000000000       0x58 Src/sysmem.o
 .debug_macro   0x0000000000000000       0x71 Src/sysmem.o
 .debug_macro   0x0000000000000000       0x1c Src/sysmem.o
 .debug_macro   0x0000000000000000      0x12a Src/sysmem.o
 .debug_macro   0x0000000000000000      0x23b Src/sysmem.o
 .debug_macro   0x0000000000000000      0x103 Src/sysmem.o
 .debug_macro   0x0000000000000000       0x6a Src/sysmem.o
 .debug_macro   0x0000000000000000      0x1df Src/sysmem.o
 .debug_line    0x0000000000000000      0x4f3 Src/sysmem.o
 .debug_str     0x0000000000000000     0x627f Src/sysmem.o
 .comment       0x0000000000000000       0x54 Src/sysmem.o
 .debug_frame   0x0000000000000000       0x34 Src/sysmem.o
 .ARM.attributes
                0x0000000000000000       0x2e Src/sysmem.o
 .text          0x0000000000000000       0x14 Startup/startup_stm32f407vgtx.o
 .data          0x0000000000000000        0x0 Startup/startup_stm32f407vgtx.o
 .bss           0x0000000000000000        0x0 Startup/startup_stm32f407vgtx.o
 .group         0x0000000000000000        0xc drivers/src/stm32f407xx_gpio_driver.o
 .group         0x0000000000000000        0xc drivers/src/stm32f407xx_gpio_driver.o
 .group         0x0000000000000000        0xc drivers/src/stm32f407xx_gpio_driver.o
 .group         0x0000000000000000        0xc drivers/src/stm32f407xx_gpio_driver.o
 .group         0x0000000000000000        0xc drivers/src/stm32f407xx_gpio_driver.o
 .group         0x0000000000000000        0xc drivers/src/stm32f407xx_gpio_driver.o
 .group         0x0000000000000000        0xc drivers/src/stm32f407xx_gpio_driver.o
 .group         0x0000000000000000        0xc drivers/src/stm32f407xx_gpio_driver.o
 .group         0x0000000000000000        0xc drivers/src/stm32f407xx_gpio_driver.o
 .group         0x0000000000000000        0xc drivers/src/stm32f407xx_gpio_driver.o
 .group         0x0000000000000000        0xc drivers/src/stm32f407xx_gpio_driver.o
 .group         0x0000000000000000        0xc drivers/src/stm32f407xx_gpio_driver.o
 .text          0x0000000000000000        0x0 drivers/src/stm32f407xx_gpio_driver.o
 .data          0x0000000000000000        0x0 drivers/src/stm32f407xx_gpio_driver.o
 .bss           0x0000000000000000        0x0 drivers/src/stm32f407xx_gpio_driver.o
 .text.GPIO_DeInit
                0x0000000000000000      0x144 drivers/src/stm32f407xx_gpio_driver.o
 .text.GPIO_ReadFromInputPort
                0x0000000000000000       0x1a drivers/src/stm32f407xx_gpio_driver.o
 .text.GPIO_WriteToOutputPin
                0x0000000000000000       0x48 drivers/src/stm32f407xx_gpio_driver.o
 .text.GPIO_WriteToOutputPort
                0x0000000000000000       0x1c drivers/src/stm32f407xx_gpio_driver.o
 .text.GPIO_ToggleOutputPin
                0x0000000000000000       0x28 drivers/src/stm32f407xx_gpio_driver.o
 .text.GPIO_IRQ_IT_Config
                0x0000000000000000       0xfc drivers/src/stm32f407xx_gpio_driver.o
 .text.GPIO_IRQ_PriorityConfig
                0x0000000000000000       0x52 drivers/src/stm32f407xx_gpio_driver.o
 .text.GPIO_IRQHandling
                0x0000000000000000       0x40 drivers/src/stm32f407xx_gpio_driver.o
 .debug_macro   0x0000000000000000      0xaa8 drivers/src/stm32f407xx_gpio_driver.o
 .debug_macro   0x0000000000000000       0x22 drivers/src/stm32f407xx_gpio_driver.o
 .debug_macro   0x0000000000000000       0x8e drivers/src/stm32f407xx_gpio_driver.o
 .debug_macro   0x0000000000000000       0x51 drivers/src/stm32f407xx_gpio_driver.o
 .debug_macro   0x0000000000000000      0x103 drivers/src/stm32f407xx_gpio_driver.o
 .debug_macro   0x0000000000000000       0x6a drivers/src/stm32f407xx_gpio_driver.o
 .debug_macro   0x0000000000000000      0x1df drivers/src/stm32f407xx_gpio_driver.o
 .debug_macro   0x0000000000000000      0x174 drivers/src/stm32f407xx_gpio_driver.o
 .debug_macro   0x0000000000000000      0x713 drivers/src/stm32f407xx_gpio_driver.o
 .debug_macro   0x0000000000000000      0x106 drivers/src/stm32f407xx_gpio_driver.o
 .debug_macro   0x0000000000000000       0x9a drivers/src/stm32f407xx_gpio_driver.o
 .group         0x0000000000000000        0xc drivers/src/stm32f407xx_rcc.o
 .group         0x0000000000000000        0xc drivers/src/stm32f407xx_rcc.o
 .group         0x0000000000000000        0xc drivers/src/stm32f407xx_rcc.o
 .group         0x0000000000000000        0xc drivers/src/stm32f407xx_rcc.o
 .group         0x0000000000000000        0xc drivers/src/stm32f407xx_rcc.o
 .group         0x0000000000000000        0xc drivers/src/stm32f407xx_rcc.o
 .group         0x0000000000000000        0xc drivers/src/stm32f407xx_rcc.o
 .group         0x0000000000000000        0xc drivers/src/stm32f407xx_rcc.o
 .group         0x0000000000000000        0xc drivers/src/stm32f407xx_rcc.o
 .group         0x0000000000000000        0xc drivers/src/stm32f407xx_rcc.o
 .group         0x0000000000000000        0xc drivers/src/stm32f407xx_rcc.o
 .group         0x0000000000000000        0xc drivers/src/stm32f407xx_rcc.o
 .text          0x0000000000000000        0x0 drivers/src/stm32f407xx_rcc.o
 .data          0x0000000000000000        0x0 drivers/src/stm32f407xx_rcc.o
 .bss           0x0000000000000000        0x0 drivers/src/stm32f407xx_rcc.o
 .data.AHB_PreScaler
                0x0000000000000000       0x10 drivers/src/stm32f407xx_rcc.o
 .data.APB1_PreScaler
                0x0000000000000000        0x4 drivers/src/stm32f407xx_rcc.o
 .text.RCC_GetPCLK1Value
                0x0000000000000000       0xb0 drivers/src/stm32f407xx_rcc.o
 .text.RCC_GetPCLK2Value
                0x0000000000000000       0xa0 drivers/src/stm32f407xx_rcc.o
 .text.RCC_GetPLLOutputClock
                0x0000000000000000        0xe drivers/src/stm32f407xx_rcc.o
 .debug_info    0x0000000000000000      0x3ed drivers/src/stm32f407xx_rcc.o
 .debug_abbrev  0x0000000000000000      0x111 drivers/src/stm32f407xx_rcc.o
 .debug_aranges
                0x0000000000000000       0x30 drivers/src/stm32f407xx_rcc.o
 .debug_ranges  0x0000000000000000       0x20 drivers/src/stm32f407xx_rcc.o
 .debug_macro   0x0000000000000000       0xa8 drivers/src/stm32f407xx_rcc.o
 .debug_macro   0x0000000000000000      0xaa8 drivers/src/stm32f407xx_rcc.o
 .debug_macro   0x0000000000000000       0x22 drivers/src/stm32f407xx_rcc.o
 .debug_macro   0x0000000000000000       0x8e drivers/src/stm32f407xx_rcc.o
 .debug_macro   0x0000000000000000       0x51 drivers/src/stm32f407xx_rcc.o
 .debug_macro   0x0000000000000000      0x103 drivers/src/stm32f407xx_rcc.o
 .debug_macro   0x0000000000000000       0x6a drivers/src/stm32f407xx_rcc.o
 .debug_macro   0x0000000000000000      0x1df drivers/src/stm32f407xx_rcc.o
 .debug_macro   0x0000000000000000      0x174 drivers/src/stm32f407xx_rcc.o
 .debug_macro   0x0000000000000000      0x713 drivers/src/stm32f407xx_rcc.o
 .debug_macro   0x0000000000000000      0x106 drivers/src/stm32f407xx_rcc.o
 .debug_macro   0x0000000000000000       0x9a drivers/src/stm32f407xx_rcc.o
 .debug_macro   0x0000000000000000       0xca drivers/src/stm32f407xx_rcc.o
 .debug_line    0x0000000000000000      0x539 drivers/src/stm32f407xx_rcc.o
 .debug_str     0x0000000000000000     0x6c97 drivers/src/stm32f407xx_rcc.o
 .comment       0x0000000000000000       0x54 drivers/src/stm32f407xx_rcc.o
 .debug_frame   0x0000000000000000       0x7c drivers/src/stm32f407xx_rcc.o
 .ARM.attributes
                0x0000000000000000       0x2e drivers/src/stm32f407xx_rcc.o
 .group         0x0000000000000000        0xc drivers/src/stm32f407xx_spi_driver.o
 .group         0x0000000000000000        0xc drivers/src/stm32f407xx_spi_driver.o
 .group         0x0000000000000000        0xc drivers/src/stm32f407xx_spi_driver.o
 .group         0x0000000000000000        0xc drivers/src/stm32f407xx_spi_driver.o
 .group         0x0000000000000000        0xc drivers/src/stm32f407xx_spi_driver.o
 .group         0x0000000000000000        0xc drivers/src/stm32f407xx_spi_driver.o
 .group         0x0000000000000000        0xc drivers/src/stm32f407xx_spi_driver.o
 .group         0x0000000000000000        0xc drivers/src/stm32f407xx_spi_driver.o
 .group         0x0000000000000000        0xc drivers/src/stm32f407xx_spi_driver.o
 .group         0x0000000000000000        0xc drivers/src/stm32f407xx_spi_driver.o
 .group         0x0000000000000000        0xc drivers/src/stm32f407xx_spi_driver.o
 .group         0x0000000000000000        0xc drivers/src/stm32f407xx_spi_driver.o
 .text          0x0000000000000000        0x0 drivers/src/stm32f407xx_spi_driver.o
 .data          0x0000000000000000        0x0 drivers/src/stm32f407xx_spi_driver.o
 .bss           0x0000000000000000        0x0 drivers/src/stm32f407xx_spi_driver.o
 .text.SPI_SSIConfig
                0x0000000000000000       0x36 drivers/src/stm32f407xx_spi_driver.o
 .text.SPI_DeInit
                0x0000000000000000       0xac drivers/src/stm32f407xx_spi_driver.o
 .text.SPI_IRQ_IT_Config
                0x0000000000000000       0xfc drivers/src/stm32f407xx_spi_driver.o
 .text.SPI_IRQ_PriorityConfig
                0x0000000000000000       0x52 drivers/src/stm32f407xx_spi_driver.o
 .text.SPI_Transmit_IT
                0x0000000000000000       0x46 drivers/src/stm32f407xx_spi_driver.o
 .text.SPI_Receive_IT
                0x0000000000000000       0x46 drivers/src/stm32f407xx_spi_driver.o
 .text.SPI_IRQHandling
                0x0000000000000000       0x8e drivers/src/stm32f407xx_spi_driver.o
 .text.spi_txe_interrupt_handle
                0x0000000000000000       0x80 drivers/src/stm32f407xx_spi_driver.o
 .text.spi_rxne_interrupt_handle
                0x0000000000000000       0x8e drivers/src/stm32f407xx_spi_driver.o
 .text.spi_errer_interrupt_handle
                0x0000000000000000       0x36 drivers/src/stm32f407xx_spi_driver.o
 .text.SPI_Close_Transmit
                0x0000000000000000       0x34 drivers/src/stm32f407xx_spi_driver.o
 .text.SPI_Clear_OVRERR
                0x0000000000000000       0x22 drivers/src/stm32f407xx_spi_driver.o
 .text.SPI_Close_Reception
                0x0000000000000000       0x36 drivers/src/stm32f407xx_spi_driver.o
 .text.SPI_event_Callback
                0x0000000000000000       0x16 drivers/src/stm32f407xx_spi_driver.o
 .debug_macro   0x0000000000000000      0xaa8 drivers/src/stm32f407xx_spi_driver.o
 .debug_macro   0x0000000000000000       0x22 drivers/src/stm32f407xx_spi_driver.o
 .debug_macro   0x0000000000000000       0x8e drivers/src/stm32f407xx_spi_driver.o
 .debug_macro   0x0000000000000000       0x51 drivers/src/stm32f407xx_spi_driver.o
 .debug_macro   0x0000000000000000      0x103 drivers/src/stm32f407xx_spi_driver.o
 .debug_macro   0x0000000000000000       0x6a drivers/src/stm32f407xx_spi_driver.o
 .debug_macro   0x0000000000000000      0x1df drivers/src/stm32f407xx_spi_driver.o
 .debug_macro   0x0000000000000000      0x174 drivers/src/stm32f407xx_spi_driver.o
 .debug_macro   0x0000000000000000      0x713 drivers/src/stm32f407xx_spi_driver.o
 .debug_macro   0x0000000000000000      0x106 drivers/src/stm32f407xx_spi_driver.o
 .debug_macro   0x0000000000000000       0x9a drivers/src/stm32f407xx_spi_driver.o
 .debug_macro   0x0000000000000000       0xca drivers/src/stm32f407xx_spi_driver.o
 .group         0x0000000000000000        0xc drivers/src/stm32f407xx_usart.o
 .group         0x0000000000000000        0xc drivers/src/stm32f407xx_usart.o
 .group         0x0000000000000000        0xc drivers/src/stm32f407xx_usart.o
 .group         0x0000000000000000        0xc drivers/src/stm32f407xx_usart.o
 .group         0x0000000000000000        0xc drivers/src/stm32f407xx_usart.o
 .group         0x0000000000000000        0xc drivers/src/stm32f407xx_usart.o
 .group         0x0000000000000000        0xc drivers/src/stm32f407xx_usart.o
 .group         0x0000000000000000        0xc drivers/src/stm32f407xx_usart.o
 .group         0x0000000000000000        0xc drivers/src/stm32f407xx_usart.o
 .group         0x0000000000000000        0xc drivers/src/stm32f407xx_usart.o
 .group         0x0000000000000000        0xc drivers/src/stm32f407xx_usart.o
 .group         0x0000000000000000        0xc drivers/src/stm32f407xx_usart.o
 .text          0x0000000000000000        0x0 drivers/src/stm32f407xx_usart.o
 .data          0x0000000000000000        0x0 drivers/src/stm32f407xx_usart.o
 .bss           0x0000000000000000        0x0 drivers/src/stm32f407xx_usart.o
 .text.USART_SetBaudRate
                0x0000000000000000       0xe4 drivers/src/stm32f407xx_usart.o
 .text.USART_Init
                0x0000000000000000      0x106 drivers/src/stm32f407xx_usart.o
 .text.USART_Peripheral_ClockControl
                0x0000000000000000      0x140 drivers/src/stm32f407xx_usart.o
 .text.USART_PeripheralControl
                0x0000000000000000       0x36 drivers/src/stm32f407xx_usart.o
 .text.USART_GetFlagStatus
                0x0000000000000000       0x28 drivers/src/stm32f407xx_usart.o
 .text.USART_SendData
                0x0000000000000000       0x9c drivers/src/stm32f407xx_usart.o
 .text.USART_ReceiveData
                0x0000000000000000       0xb0 drivers/src/stm32f407xx_usart.o
 .text.USART_SendDataIT
                0x0000000000000000       0x56 drivers/src/stm32f407xx_usart.o
 .text.USART_ReceiveDataIT
                0x0000000000000000       0x4c drivers/src/stm32f407xx_usart.o
 .text.USART_ClearFlag
                0x0000000000000000       0x24 drivers/src/stm32f407xx_usart.o
 .text.USART_IRQITConfig
                0x0000000000000000       0xfc drivers/src/stm32f407xx_usart.o
 .text.USART_IRQPriorityConfig
                0x0000000000000000       0x5a drivers/src/stm32f407xx_usart.o
 .text.USART_IRQHandling
                0x0000000000000000      0x338 drivers/src/stm32f407xx_usart.o
 .text.USART_ApplicationEventCallback
                0x0000000000000000       0x16 drivers/src/stm32f407xx_usart.o
 .debug_info    0x0000000000000000      0x870 drivers/src/stm32f407xx_usart.o
 .debug_abbrev  0x0000000000000000      0x194 drivers/src/stm32f407xx_usart.o
 .debug_aranges
                0x0000000000000000       0x88 drivers/src/stm32f407xx_usart.o
 .debug_ranges  0x0000000000000000       0x78 drivers/src/stm32f407xx_usart.o
 .debug_macro   0x0000000000000000       0xa8 drivers/src/stm32f407xx_usart.o
 .debug_macro   0x0000000000000000      0xaa8 drivers/src/stm32f407xx_usart.o
 .debug_macro   0x0000000000000000       0x22 drivers/src/stm32f407xx_usart.o
 .debug_macro   0x0000000000000000       0x8e drivers/src/stm32f407xx_usart.o
 .debug_macro   0x0000000000000000       0x51 drivers/src/stm32f407xx_usart.o
 .debug_macro   0x0000000000000000      0x103 drivers/src/stm32f407xx_usart.o
 .debug_macro   0x0000000000000000       0x6a drivers/src/stm32f407xx_usart.o
 .debug_macro   0x0000000000000000      0x1df drivers/src/stm32f407xx_usart.o
 .debug_macro   0x0000000000000000      0x174 drivers/src/stm32f407xx_usart.o
 .debug_macro   0x0000000000000000      0x713 drivers/src/stm32f407xx_usart.o
 .debug_macro   0x0000000000000000      0x106 drivers/src/stm32f407xx_usart.o
 .debug_macro   0x0000000000000000       0x9a drivers/src/stm32f407xx_usart.o
 .debug_macro   0x0000000000000000       0xca drivers/src/stm32f407xx_usart.o
 .debug_line    0x0000000000000000      0xafa drivers/src/stm32f407xx_usart.o
 .debug_str     0x0000000000000000     0x6eae drivers/src/stm32f407xx_usart.o
 .comment       0x0000000000000000       0x54 drivers/src/stm32f407xx_usart.o
 .debug_frame   0x0000000000000000      0x230 drivers/src/stm32f407xx_usart.o
 .ARM.attributes
                0x0000000000000000       0x2e drivers/src/stm32f407xx_usart.o
 .text          0x0000000000000000        0x0 c:/st/stm32cubeide_1.6.1/stm32cubeide/plugins/com.st.stm32cube.ide.mcu.externaltools.gnu-tools-for-stm32.9-2020-q2-update.win32_1.5.0.202011040924/tools/bin/../lib/gcc/arm-none-eabi/9.3.1/../../../../arm-none-eabi/lib/thumb/v7e-m/nofp\libc_nano.a(lib_a-errno.o)
 .data          0x0000000000000000        0x0 c:/st/stm32cubeide_1.6.1/stm32cubeide/plugins/com.st.stm32cube.ide.mcu.externaltools.gnu-tools-for-stm32.9-2020-q2-update.win32_1.5.0.202011040924/tools/bin/../lib/gcc/arm-none-eabi/9.3.1/../../../../arm-none-eabi/lib/thumb/v7e-m/nofp\libc_nano.a(lib_a-errno.o)
 .bss           0x0000000000000000        0x0 c:/st/stm32cubeide_1.6.1/stm32cubeide/plugins/com.st.stm32cube.ide.mcu.externaltools.gnu-tools-for-stm32.9-2020-q2-update.win32_1.5.0.202011040924/tools/bin/../lib/gcc/arm-none-eabi/9.3.1/../../../../arm-none-eabi/lib/thumb/v7e-m/nofp\libc_nano.a(lib_a-errno.o)
 .text.__errno  0x0000000000000000        0xc c:/st/stm32cubeide_1.6.1/stm32cubeide/plugins/com.st.stm32cube.ide.mcu.externaltools.gnu-tools-for-stm32.9-2020-q2-update.win32_1.5.0.202011040924/tools/bin/../lib/gcc/arm-none-eabi/9.3.1/../../../../arm-none-eabi/lib/thumb/v7e-m/nofp\libc_nano.a(lib_a-errno.o)
 .debug_frame   0x0000000000000000       0x20 c:/st/stm32cubeide_1.6.1/stm32cubeide/plugins/com.st.stm32cube.ide.mcu.externaltools.gnu-tools-for-stm32.9-2020-q2-update.win32_1.5.0.202011040924/tools/bin/../lib/gcc/arm-none-eabi/9.3.1/../../../../arm-none-eabi/lib/thumb/v7e-m/nofp\libc_nano.a(lib_a-errno.o)
 .ARM.attributes
                0x0000000000000000       0x2e c:/st/stm32cubeide_1.6.1/stm32cubeide/plugins/com.st.stm32cube.ide.mcu.externaltools.gnu-tools-for-stm32.9-2020-q2-update.win32_1.5.0.202011040924/tools/bin/../lib/gcc/arm-none-eabi/9.3.1/../../../../arm-none-eabi/lib/thumb/v7e-m/nofp\libc_nano.a(lib_a-errno.o)
 .text          0x0000000000000000        0x0 c:/st/stm32cubeide_1.6.1/stm32cubeide/plugins/com.st.stm32cube.ide.mcu.externaltools.gnu-tools-for-stm32.9-2020-q2-update.win32_1.5.0.202011040924/tools/bin/../lib/gcc/arm-none-eabi/9.3.1/../../../../arm-none-eabi/lib/thumb/v7e-m/nofp\libc_nano.a(lib_a-exit.o)
 .data          0x0000000000000000        0x0 c:/st/stm32cubeide_1.6.1/stm32cubeide/plugins/com.st.stm32cube.ide.mcu.externaltools.gnu-tools-for-stm32.9-2020-q2-update.win32_1.5.0.202011040924/tools/bin/../lib/gcc/arm-none-eabi/9.3.1/../../../../arm-none-eabi/lib/thumb/v7e-m/nofp\libc_nano.a(lib_a-exit.o)
 .bss           0x0000000000000000        0x0 c:/st/stm32cubeide_1.6.1/stm32cubeide/plugins/com.st.stm32cube.ide.mcu.externaltools.gnu-tools-for-stm32.9-2020-q2-update.win32_1.5.0.202011040924/tools/bin/../lib/gcc/arm-none-eabi/9.3.1/../../../../arm-none-eabi/lib/thumb/v7e-m/nofp\libc_nano.a(lib_a-exit.o)
 .text.exit     0x0000000000000000       0x28 c:/st/stm32cubeide_1.6.1/stm32cubeide/plugins/com.st.stm32cube.ide.mcu.externaltools.gnu-tools-for-stm32.9-2020-q2-update.win32_1.5.0.202011040924/tools/bin/../lib/gcc/arm-none-eabi/9.3.1/../../../../arm-none-eabi/lib/thumb/v7e-m/nofp\libc_nano.a(lib_a-exit.o)
 .debug_frame   0x0000000000000000       0x28 c:/st/stm32cubeide_1.6.1/stm32cubeide/plugins/com.st.stm32cube.ide.mcu.externaltools.gnu-tools-for-stm32.9-2020-q2-update.win32_1.5.0.202011040924/tools/bin/../lib/gcc/arm-none-eabi/9.3.1/../../../../arm-none-eabi/lib/thumb/v7e-m/nofp\libc_nano.a(lib_a-exit.o)
 .ARM.attributes
                0x0000000000000000       0x2e c:/st/stm32cubeide_1.6.1/stm32cubeide/plugins/com.st.stm32cube.ide.mcu.externaltools.gnu-tools-for-stm32.9-2020-q2-update.win32_1.5.0.202011040924/tools/bin/../lib/gcc/arm-none-eabi/9.3.1/../../../../arm-none-eabi/lib/thumb/v7e-m/nofp\libc_nano.a(lib_a-exit.o)
 .text          0x0000000000000000        0x0 c:/st/stm32cubeide_1.6.1/stm32cubeide/plugins/com.st.stm32cube.ide.mcu.externaltools.gnu-tools-for-stm32.9-2020-q2-update.win32_1.5.0.202011040924/tools/bin/../lib/gcc/arm-none-eabi/9.3.1/../../../../arm-none-eabi/lib/thumb/v7e-m/nofp\libc_nano.a(lib_a-impure.o)
 .data          0x0000000000000000        0x0 c:/st/stm32cubeide_1.6.1/stm32cubeide/plugins/com.st.stm32cube.ide.mcu.externaltools.gnu-tools-for-stm32.9-2020-q2-update.win32_1.5.0.202011040924/tools/bin/../lib/gcc/arm-none-eabi/9.3.1/../../../../arm-none-eabi/lib/thumb/v7e-m/nofp\libc_nano.a(lib_a-impure.o)
 .bss           0x0000000000000000        0x0 c:/st/stm32cubeide_1.6.1/stm32cubeide/plugins/com.st.stm32cube.ide.mcu.externaltools.gnu-tools-for-stm32.9-2020-q2-update.win32_1.5.0.202011040924/tools/bin/../lib/gcc/arm-none-eabi/9.3.1/../../../../arm-none-eabi/lib/thumb/v7e-m/nofp\libc_nano.a(lib_a-impure.o)
 .data._impure_ptr
                0x0000000000000000        0x4 c:/st/stm32cubeide_1.6.1/stm32cubeide/plugins/com.st.stm32cube.ide.mcu.externaltools.gnu-tools-for-stm32.9-2020-q2-update.win32_1.5.0.202011040924/tools/bin/../lib/gcc/arm-none-eabi/9.3.1/../../../../arm-none-eabi/lib/thumb/v7e-m/nofp\libc_nano.a(lib_a-impure.o)
 .data.impure_data
                0x0000000000000000       0x60 c:/st/stm32cubeide_1.6.1/stm32cubeide/plugins/com.st.stm32cube.ide.mcu.externaltools.gnu-tools-for-stm32.9-2020-q2-update.win32_1.5.0.202011040924/tools/bin/../lib/gcc/arm-none-eabi/9.3.1/../../../../arm-none-eabi/lib/thumb/v7e-m/nofp\libc_nano.a(lib_a-impure.o)
 .rodata._global_impure_ptr
                0x0000000000000000        0x4 c:/st/stm32cubeide_1.6.1/stm32cubeide/plugins/com.st.stm32cube.ide.mcu.externaltools.gnu-tools-for-stm32.9-2020-q2-update.win32_1.5.0.202011040924/tools/bin/../lib/gcc/arm-none-eabi/9.3.1/../../../../arm-none-eabi/lib/thumb/v7e-m/nofp\libc_nano.a(lib_a-impure.o)
 .ARM.attributes
                0x0000000000000000       0x2e c:/st/stm32cubeide_1.6.1/stm32cubeide/plugins/com.st.stm32cube.ide.mcu.externaltools.gnu-tools-for-stm32.9-2020-q2-update.win32_1.5.0.202011040924/tools/bin/../lib/gcc/arm-none-eabi/9.3.1/../../../../arm-none-eabi/lib/thumb/v7e-m/nofp\libc_nano.a(lib_a-impure.o)
 .text          0x0000000000000000        0x0 c:/st/stm32cubeide_1.6.1/stm32cubeide/plugins/com.st.stm32cube.ide.mcu.externaltools.gnu-tools-for-stm32.9-2020-q2-update.win32_1.5.0.202011040924/tools/bin/../lib/gcc/arm-none-eabi/9.3.1/../../../../arm-none-eabi/lib/thumb/v7e-m/nofp\libc_nano.a(lib_a-init.o)
 .data          0x0000000000000000        0x0 c:/st/stm32cubeide_1.6.1/stm32cubeide/plugins/com.st.stm32cube.ide.mcu.externaltools.gnu-tools-for-stm32.9-2020-q2-update.win32_1.5.0.202011040924/tools/bin/../lib/gcc/arm-none-eabi/9.3.1/../../../../arm-none-eabi/lib/thumb/v7e-m/nofp\libc_nano.a(lib_a-init.o)
 .bss           0x0000000000000000        0x0 c:/st/stm32cubeide_1.6.1/stm32cubeide/plugins/com.st.stm32cube.ide.mcu.externaltools.gnu-tools-for-stm32.9-2020-q2-update.win32_1.5.0.202011040924/tools/bin/../lib/gcc/arm-none-eabi/9.3.1/../../../../arm-none-eabi/lib/thumb/v7e-m/nofp\libc_nano.a(lib_a-init.o)
 .text          0x0000000000000000        0x0 c:/st/stm32cubeide_1.6.1/stm32cubeide/plugins/com.st.stm32cube.ide.mcu.externaltools.gnu-tools-for-stm32.9-2020-q2-update.win32_1.5.0.202011040924/tools/bin/../lib/gcc/arm-none-eabi/9.3.1/../../../../arm-none-eabi/lib/thumb/v7e-m/nofp\libc_nano.a(lib_a-memset.o)
 .data          0x0000000000000000        0x0 c:/st/stm32cubeide_1.6.1/stm32cubeide/plugins/com.st.stm32cube.ide.mcu.externaltools.gnu-tools-for-stm32.9-2020-q2-update.win32_1.5.0.202011040924/tools/bin/../lib/gcc/arm-none-eabi/9.3.1/../../../../arm-none-eabi/lib/thumb/v7e-m/nofp\libc_nano.a(lib_a-memset.o)
 .bss           0x0000000000000000        0x0 c:/st/stm32cubeide_1.6.1/stm32cubeide/plugins/com.st.stm32cube.ide.mcu.externaltools.gnu-tools-for-stm32.9-2020-q2-update.win32_1.5.0.202011040924/tools/bin/../lib/gcc/arm-none-eabi/9.3.1/../../../../arm-none-eabi/lib/thumb/v7e-m/nofp\libc_nano.a(lib_a-memset.o)
 .text.memset   0x0000000000000000       0x10 c:/st/stm32cubeide_1.6.1/stm32cubeide/plugins/com.st.stm32cube.ide.mcu.externaltools.gnu-tools-for-stm32.9-2020-q2-update.win32_1.5.0.202011040924/tools/bin/../lib/gcc/arm-none-eabi/9.3.1/../../../../arm-none-eabi/lib/thumb/v7e-m/nofp\libc_nano.a(lib_a-memset.o)
 .debug_frame   0x0000000000000000       0x20 c:/st/stm32cubeide_1.6.1/stm32cubeide/plugins/com.st.stm32cube.ide.mcu.externaltools.gnu-tools-for-stm32.9-2020-q2-update.win32_1.5.0.202011040924/tools/bin/../lib/gcc/arm-none-eabi/9.3.1/../../../../arm-none-eabi/lib/thumb/v7e-m/nofp\libc_nano.a(lib_a-memset.o)
 .ARM.attributes
                0x0000000000000000       0x2e c:/st/stm32cubeide_1.6.1/stm32cubeide/plugins/com.st.stm32cube.ide.mcu.externaltools.gnu-tools-for-stm32.9-2020-q2-update.win32_1.5.0.202011040924/tools/bin/../lib/gcc/arm-none-eabi/9.3.1/../../../../arm-none-eabi/lib/thumb/v7e-m/nofp\libc_nano.a(lib_a-memset.o)
 .data          0x0000000000000000        0x0 c:/st/stm32cubeide_1.6.1/stm32cubeide/plugins/com.st.stm32cube.ide.mcu.externaltools.gnu-tools-for-stm32.9-2020-q2-update.win32_1.5.0.202011040924/tools/bin/../lib/gcc/arm-none-eabi/9.3.1/../../../../arm-none-eabi/lib/thumb/v7e-m/nofp\libc_nano.a(lib_a-strlen.o)
 .bss           0x0000000000000000        0x0 c:/st/stm32cubeide_1.6.1/stm32cubeide/plugins/com.st.stm32cube.ide.mcu.externaltools.gnu-tools-for-stm32.9-2020-q2-update.win32_1.5.0.202011040924/tools/bin/../lib/gcc/arm-none-eabi/9.3.1/../../../../arm-none-eabi/lib/thumb/v7e-m/nofp\libc_nano.a(lib_a-strlen.o)
 .text          0x0000000000000000        0x0 c:/st/stm32cubeide_1.6.1/stm32cubeide/plugins/com.st.stm32cube.ide.mcu.externaltools.gnu-tools-for-stm32.9-2020-q2-update.win32_1.5.0.202011040924/tools/bin/../lib/gcc/arm-none-eabi/9.3.1/thumb/v7e-m/nofp/crtend.o
 .data          0x0000000000000000        0x0 c:/st/stm32cubeide_1.6.1/stm32cubeide/plugins/com.st.stm32cube.ide.mcu.externaltools.gnu-tools-for-stm32.9-2020-q2-update.win32_1.5.0.202011040924/tools/bin/../lib/gcc/arm-none-eabi/9.3.1/thumb/v7e-m/nofp/crtend.o
 .bss           0x0000000000000000        0x0 c:/st/stm32cubeide_1.6.1/stm32cubeide/plugins/com.st.stm32cube.ide.mcu.externaltools.gnu-tools-for-stm32.9-2020-q2-update.win32_1.5.0.202011040924/tools/bin/../lib/gcc/arm-none-eabi/9.3.1/thumb/v7e-m/nofp/crtend.o
 .eh_frame      0x0000000000000000        0x4 c:/st/stm32cubeide_1.6.1/stm32cubeide/plugins/com.st.stm32cube.ide.mcu.externaltools.gnu-tools-for-stm32.9-2020-q2-update.win32_1.5.0.202011040924/tools/bin/../lib/gcc/arm-none-eabi/9.3.1/thumb/v7e-m/nofp/crtend.o
 .ARM.attributes
                0x0000000000000000       0x2e c:/st/stm32cubeide_1.6.1/stm32cubeide/plugins/com.st.stm32cube.ide.mcu.externaltools.gnu-tools-for-stm32.9-2020-q2-update.win32_1.5.0.202011040924/tools/bin/../lib/gcc/arm-none-eabi/9.3.1/thumb/v7e-m/nofp/crtend.o
 .text          0x0000000000000000        0x0 c:/st/stm32cubeide_1.6.1/stm32cubeide/plugins/com.st.stm32cube.ide.mcu.externaltools.gnu-tools-for-stm32.9-2020-q2-update.win32_1.5.0.202011040924/tools/bin/../lib/gcc/arm-none-eabi/9.3.1/thumb/v7e-m/nofp/crtn.o
 .data          0x0000000000000000        0x0 c:/st/stm32cubeide_1.6.1/stm32cubeide/plugins/com.st.stm32cube.ide.mcu.externaltools.gnu-tools-for-stm32.9-2020-q2-update.win32_1.5.0.202011040924/tools/bin/../lib/gcc/arm-none-eabi/9.3.1/thumb/v7e-m/nofp/crtn.o
 .bss           0x0000000000000000        0x0 c:/st/stm32cubeide_1.6.1/stm32cubeide/plugins/com.st.stm32cube.ide.mcu.externaltools.gnu-tools-for-stm32.9-2020-q2-update.win32_1.5.0.202011040924/tools/bin/../lib/gcc/arm-none-eabi/9.3.1/thumb/v7e-m/nofp/crtn.o

Memory Configuration

Name             Origin             Length             Attributes
RAM              0x0000000020000000 0x0000000000020000 xrw
FLASH            0x0000000008000000 0x0000000000100000 xr
*default*        0x0000000000000000 0xffffffffffffffff

Linker script and memory map

LOAD c:/st/stm32cubeide_1.6.1/stm32cubeide/plugins/com.st.stm32cube.ide.mcu.externaltools.gnu-tools-for-stm32.9-2020-q2-update.win32_1.5.0.202011040924/tools/bin/../lib/gcc/arm-none-eabi/9.3.1/thumb/v7e-m/nofp/crti.o
LOAD c:/st/stm32cubeide_1.6.1/stm32cubeide/plugins/com.st.stm32cube.ide.mcu.externaltools.gnu-tools-for-stm32.9-2020-q2-update.win32_1.5.0.202011040924/tools/bin/../lib/gcc/arm-none-eabi/9.3.1/thumb/v7e-m/nofp/crtbegin.o
LOAD c:/st/stm32cubeide_1.6.1/stm32cubeide/plugins/com.st.stm32cube.ide.mcu.externaltools.gnu-tools-for-stm32.9-2020-q2-update.win32_1.5.0.202011040924/tools/bin/../lib/gcc/arm-none-eabi/9.3.1/../../../../arm-none-eabi/lib/thumb/v7e-m/nofp/crt0.o
LOAD Src/SPI_FULL_DUPLEX.o
LOAD Src/syscalls.o
LOAD Src/sysmem.o
LOAD Startup/startup_stm32f407vgtx.o
LOAD drivers/src/stm32f407xx_gpio_driver.o
LOAD drivers/src/stm32f407xx_rcc.o
LOAD drivers/src/stm32f407xx_spi_driver.o
LOAD drivers/src/stm32f407xx_usart.o
START GROUP
LOAD c:/st/stm32cubeide_1.6.1/stm32cubeide/plugins/com.st.stm32cube.ide.mcu.externaltools.gnu-tools-for-stm32.9-2020-q2-update.win32_1.5.0.202011040924/tools/bin/../lib/gcc/arm-none-eabi/9.3.1/../../../../arm-none-eabi/lib/thumb/v7e-m/nofp\libc_nano.a
LOAD c:/st/stm32cubeide_1.6.1/stm32cubeide/plugins/com.st.stm32cube.ide.mcu.externaltools.gnu-tools-for-stm32.9-2020-q2-update.win32_1.5.0.202011040924/tools/bin/../lib/gcc/arm-none-eabi/9.3.1/../../../../arm-none-eabi/lib/thumb/v7e-m/nofp\libm.a
END GROUP
START GROUP
LOAD c:/st/stm32cubeide_1.6.1/stm32cubeide/plugins/com.st.stm32cube.ide.mcu.externaltools.gnu-tools-for-stm32.9-2020-q2-update.win32_1.5.0.202011040924/tools/bin/../lib/gcc/arm-none-eabi/9.3.1/thumb/v7e-m/nofp\libgcc.a
LOAD c:/st/stm32cubeide_1.6.1/stm32cubeide/plugins/com.st.stm32cube.ide.mcu.externaltools.gnu-tools-for-stm32.9-2020-q2-update.win32_1.5.0.202011040924/tools/bin/../lib/gcc/arm-none-eabi/9.3.1/../../../../arm-none-eabi/lib/thumb/v7e-m/nofp\libc_nano.a
END GROUP
START GROUP
LOAD c:/st/stm32cubeide_1.6.1/stm32cubeide/plugins/com.st.stm32cube.ide.mcu.externaltools.gnu-tools-for-stm32.9-2020-q2-update.win32_1.5.0.202011040924/tools/bin/../lib/gcc/arm-none-eabi/9.3.1/thumb/v7e-m/nofp\libgcc.a
LOAD c:/st/stm32cubeide_1.6.1/stm32cubeide/plugins/com.st.stm32cube.ide.mcu.externaltools.gnu-tools-for-stm32.9-2020-q2-update.win32_1.5.0.202011040924/tools/bin/../lib/gcc/arm-none-eabi/9.3.1/../../../../arm-none-eabi/lib/thumb/v7e-m/nofp\libc_nano.a
LOAD c:/st/stm32cubeide_1.6.1/stm32cubeide/plugins/com.st.stm32cube.ide.mcu.externaltools.gnu-tools-for-stm32.9-2020-q2-update.win32_1.5.0.202011040924/tools/bin/../lib/gcc/arm-none-eabi/9.3.1/../../../../arm-none-eabi/lib/thumb/v7e-m/nofp\libnosys.a
END GROUP
START GROUP
LOAD c:/st/stm32cubeide_1.6.1/stm32cubeide/plugins/com.st.stm32cube.ide.mcu.externaltools.gnu-tools-for-stm32.9-2020-q2-update.win32_1.5.0.202011040924/tools/bin/../lib/gcc/arm-none-eabi/9.3.1/thumb/v7e-m/nofp\libgcc.a
LOAD c:/st/stm32cubeide_1.6.1/stm32cubeide/plugins/com.st.stm32cube.ide.mcu.externaltools.gnu-tools-for-stm32.9-2020-q2-update.win32_1.5.0.202011040924/tools/bin/../lib/gcc/arm-none-eabi/9.3.1/../../../../arm-none-eabi/lib/thumb/v7e-m/nofp\libc_nano.a
LOAD c:/st/stm32cubeide_1.6.1/stm32cubeide/plugins/com.st.stm32cube.ide.mcu.externaltools.gnu-tools-for-stm32.9-2020-q2-update.win32_1.5.0.202011040924/tools/bin/../lib/gcc/arm-none-eabi/9.3.1/../../../../arm-none-eabi/lib/thumb/v7e-m/nofp\libnosys.a
END GROUP
LOAD c:/st/stm32cubeide_1.6.1/stm32cubeide/plugins/com.st.stm32cube.ide.mcu.externaltools.gnu-tools-for-stm32.9-2020-q2-update.win32_1.5.0.202011040924/tools/bin/../lib/gcc/arm-none-eabi/9.3.1/thumb/v7e-m/nofp/crtend.o
LOAD c:/st/stm32cubeide_1.6.1/stm32cubeide/plugins/com.st.stm32cube.ide.mcu.externaltools.gnu-tools-for-stm32.9-2020-q2-update.win32_1.5.0.202011040924/tools/bin/../lib/gcc/arm-none-eabi/9.3.1/thumb/v7e-m/nofp/crtn.o
                0x0000000020020000                _estack = (ORIGIN (RAM) + LENGTH (RAM))
                0x0000000000000200                _Min_Heap_Size = 0x200
                0x0000000000000400                _Min_Stack_Size = 0x400

.isr_vector     0x0000000008000000      0x1a8
                0x0000000008000000                . = ALIGN (0x4)
 *(.isr_vector)
 .isr_vector    0x0000000008000000      0x1a8 Startup/startup_stm32f407vgtx.o
                0x0000000008000000                g_pfnVectors
                0x00000000080001a8                . = ALIGN (0x4)

.text           0x00000000080001a8      0xb04
                0x00000000080001a8                . = ALIGN (0x4)
 *(.text)
 .text          0x00000000080001a8       0x40 c:/st/stm32cubeide_1.6.1/stm32cubeide/plugins/com.st.stm32cube.ide.mcu.externaltools.gnu-tools-for-stm32.9-2020-q2-update.win32_1.5.0.202011040924/tools/bin/../lib/gcc/arm-none-eabi/9.3.1/thumb/v7e-m/nofp/crtbegin.o
 .text          0x00000000080001e8       0x10 c:/st/stm32cubeide_1.6.1/stm32cubeide/plugins/com.st.stm32cube.ide.mcu.externaltools.gnu-tools-for-stm32.9-2020-q2-update.win32_1.5.0.202011040924/tools/bin/../lib/gcc/arm-none-eabi/9.3.1/../../../../arm-none-eabi/lib/thumb/v7e-m/nofp\libc_nano.a(lib_a-strlen.o)
                0x00000000080001e8                strlen
 *(.text*)
 .text.delay    0x00000000080001f8       0x2e Src/SPI_FULL_DUPLEX.o
                0x00000000080001f8                delay
 *fill*         0x0000000008000226        0x2 
 .text.SPI_GPIOinit
                0x0000000008000228       0x64 Src/SPI_FULL_DUPLEX.o
                0x0000000008000228                SPI_GPIOinit
 .text.SPI2_InIt
                0x000000000800028c       0x48 Src/SPI_FULL_DUPLEX.o
                0x000000000800028c                SPI2_InIt
 .text.toggleonpress
                0x00000000080002d4       0x30 Src/SPI_FULL_DUPLEX.o
                0x00000000080002d4                toggleonpress
 .text.SPI_Verifyslave_Response
                0x0000000008000304       0x20 Src/SPI_FULL_DUPLEX.o
                0x0000000008000304                SPI_Verifyslave_Response
 .text.main     0x0000000008000324       0xd4 Src/SPI_FULL_DUPLEX.o
                0x0000000008000324                main
 .text.Reset_Handler
                0x00000000080003f8       0x50 Startup/startup_stm32f407vgtx.o
                0x00000000080003f8                Reset_Handler
 .text.Default_Handler
                0x0000000008000448        0x2 Startup/startup_stm32f407vgtx.o
                0x0000000008000448                RTC_Alarm_IRQHandler
                0x0000000008000448                HASH_RNG_IRQHandler
                0x0000000008000448                EXTI2_IRQHandler
                0x0000000008000448                TIM8_CC_IRQHandler
                0x0000000008000448                DebugMon_Handler
                0x0000000008000448                TIM1_CC_IRQHandler
                0x0000000008000448                DMA2_Stream5_IRQHandler
                0x0000000008000448                HardFault_Handler
                0x0000000008000448                DMA1_Stream5_IRQHandler
                0x0000000008000448                SysTick_Handler
                0x0000000008000448                PVD_IRQHandler
                0x0000000008000448                SDIO_IRQHandler
                0x0000000008000448                TAMP_STAMP_IRQHandler
                0x0000000008000448                PendSV_Handler
                0x0000000008000448                NMI_Handler
                0x0000000008000448                CAN2_RX1_IRQHandler
                0x0000000008000448                EXTI3_IRQHandler
                0x0000000008000448                TIM8_TRG_COM_TIM14_IRQHandler
                0x0000000008000448                TIM1_UP_TIM10_IRQHandler
                0x0000000008000448                TIM8_UP_TIM13_IRQHandler
                0x0000000008000448                I2C3_ER_IRQHandler
                0x0000000008000448                LCD_TFT_IRQHandler
                0x0000000008000448                EXTI0_IRQHandler
                0x0000000008000448                I2C2_EV_IRQHandler
                0x0000000008000448                DMA1_Stream2_IRQHandler
                0x0000000008000448                CAN1_RX0_IRQHandler
                0x0000000008000448                FPU_IRQHandler
                0x0000000008000448                OTG_HS_WKUP_IRQHandler
                0x0000000008000448                UsageFault_Handler
                0x0000000008000448                CAN2_SCE_IRQHandler
                0x0000000008000448                DMA2_Stream2_IRQHandler
                0x0000000008000448                SPI1_IRQHandler
                0x0000000008000448                TIM6_DAC_IRQHandler
                0x0000000008000448                TIM1_BRK_TIM9_IRQHandler
                0x0000000008000448                DCMI_IRQHandler
                0x0000000008000448                CAN2_RX0_IRQHandler
                0x0000000008000448                DMA2_Stream3_IRQHandler
                0x0000000008000448                USART6_IRQHandler
                0x0000000008000448                USART3_IRQHandler
                0x0000000008000448                CRYP_IRQHandler
                0x0000000008000448                CAN1_RX1_IRQHandler
                0x0000000008000448                UART5_IRQHandler
                0x0000000008000448                DMA2_Stream0_IRQHandler
                0x0000000008000448                TIM4_IRQHandler
                0x0000000008000448                I2C1_EV_IRQHandler
                0x0000000008000448                DMA1_Stream6_IRQHandler
                0x0000000008000448                DMA1_Stream1_IRQHandler
                0x0000000008000448                UART4_IRQHandler
                0x0000000008000448                LCD_TFT_1_IRQHandler
                0x0000000008000448                TIM3_IRQHandler
                0x0000000008000448                RCC_IRQHandler
                0x0000000008000448                TIM8_BRK_TIM12_IRQHandler
                0x0000000008000448                Default_Handler
                0x0000000008000448                EXTI15_10_IRQHandler
                0x0000000008000448                ADC_IRQHandler
                0x0000000008000448                DMA1_Stream7_IRQHandler
                0x0000000008000448                TIM7_IRQHandler
                0x0000000008000448                CAN2_TX_IRQHandler
                0x0000000008000448                TIM5_IRQHandler
                0x0000000008000448                DMA2_Stream7_IRQHandler
                0x0000000008000448                I2C3_EV_IRQHandler
                0x0000000008000448                EXTI9_5_IRQHandler
                0x0000000008000448                RTC_WKUP_IRQHandler
                0x0000000008000448                ETH_WKUP_IRQHandler
                0x0000000008000448                SPI2_IRQHandler
                0x0000000008000448                OTG_HS_EP1_IN_IRQHandler
                0x0000000008000448                MemManage_Handler
                0x0000000008000448                DMA1_Stream0_IRQHandler
                0x0000000008000448                CAN1_TX_IRQHandler
                0x0000000008000448                SVC_Handler
                0x0000000008000448                EXTI4_IRQHandler
                0x0000000008000448                FSMC_IRQHandler
                0x0000000008000448                ETH_IRQHandler
                0x0000000008000448                OTG_HS_EP1_OUT_IRQHandler
                0x0000000008000448                WWDG_IRQHandler
                0x0000000008000448                TIM2_IRQHandler
                0x0000000008000448                OTG_FS_WKUP_IRQHandler
                0x0000000008000448                TIM1_TRG_COM_TIM11_IRQHandler
                0x0000000008000448                OTG_HS_IRQHandler
                0x0000000008000448                EXTI1_IRQHandler
                0x0000000008000448                USART2_IRQHandler
                0x0000000008000448                I2C2_ER_IRQHandler
                0x0000000008000448                DMA2_Stream1_IRQHandler
                0x0000000008000448                CAN1_SCE_IRQHandler
                0x0000000008000448                DMA2_Stream4_IRQHandler
                0x0000000008000448                BusFault_Handler
                0x0000000008000448                USART1_IRQHandler
                0x0000000008000448                OTG_FS_IRQHandler
                0x0000000008000448                SPI3_IRQHandler
                0x0000000008000448                DMA1_Stream4_IRQHandler
                0x0000000008000448                I2C1_ER_IRQHandler
                0x0000000008000448                DMA2_Stream6_IRQHandler
                0x0000000008000448                DMA1_Stream3_IRQHandler
 *fill*         0x000000000800044a        0x2 
 .text.GPIO_PeriClockControl
                0x000000000800044c      0x1a0 drivers/src/stm32f407xx_gpio_driver.o
                0x000000000800044c                GPIO_PeriClockControl
 .text.GPIO_Init
                0x00000000080005ec      0x330 drivers/src/stm32f407xx_gpio_driver.o
                0x00000000080005ec                GPIO_Init
 .text.GPIO_ReadFromInputPin
                0x000000000800091c       0x2a drivers/src/stm32f407xx_gpio_driver.o
                0x000000000800091c                GPIO_ReadFromInputPin
 *fill*         0x0000000008000946        0x2 
 .text.SPI_PeriClockControl
                0x0000000008000948       0xdc drivers/src/stm32f407xx_spi_driver.o
                0x0000000008000948                SPI_PeriClockControl
 .text.SPI_Init
                0x0000000008000a24       0xb6 drivers/src/stm32f407xx_spi_driver.o
                0x0000000008000a24                SPI_Init
 .text.SPI_PeripheralControl
                0x0000000008000ada       0x36 drivers/src/stm32f407xx_spi_driver.o
                0x0000000008000ada                SPI_PeripheralControl
 .text.SPI_SSOEConfig
                0x0000000008000b10       0x36 drivers/src/stm32f407xx_spi_driver.o
                0x0000000008000b10                SPI_SSOEConfig
 .text.SPI_GetFlagStatus
                0x0000000008000b46       0x28 drivers/src/stm32f407xx_spi_driver.o
                0x0000000008000b46                SPI_GetFlagStatus
 .text.SPI_Transmit
                0x0000000008000b6e       0x6e drivers/src/stm32f407xx_spi_driver.o
                0x0000000008000b6e                SPI_Transmit
 .text.SPI_Receive
                0x0000000008000bdc       0x6e drivers/src/stm32f407xx_spi_driver.o
                0x0000000008000bdc                SPI_Receive
 *fill*         0x0000000008000c4a        0x2 
 .text.__libc_init_array
                0x0000000008000c4c       0x48 c:/st/stm32cubeide_1.6.1/stm32cubeide/plugins/com.st.stm32cube.ide.mcu.externaltools.gnu-tools-for-stm32.9-2020-q2-update.win32_1.5.0.202011040924/tools/bin/../lib/gcc/arm-none-eabi/9.3.1/../../../../arm-none-eabi/lib/thumb/v7e-m/nofp\libc_nano.a(lib_a-init.o)
                0x0000000008000c4c                __libc_init_array
 *(.glue_7)
 .glue_7        0x0000000008000c94        0x0 linker stubs
 *(.glue_7t)
 .glue_7t       0x0000000008000c94        0x0 linker stubs
 *(.eh_frame)
 .eh_frame      0x0000000008000c94        0x0 c:/st/stm32cubeide_1.6.1/stm32cubeide/plugins/com.st.stm32cube.ide.mcu.externaltools.gnu-tools-for-stm32.9-2020-q2-update.win32_1.5.0.202011040924/tools/bin/../lib/gcc/arm-none-eabi/9.3.1/thumb/v7e-m/nofp/crtbegin.o
 *(.init)
 .init          0x0000000008000c94        0x4 c:/st/stm32cubeide_1.6.1/stm32cubeide/plugins/com.st.stm32cube.ide.mcu.externaltools.gnu-tools-for-stm32.9-2020-q2-update.win32_1.5.0.202011040924/tools/bin/../lib/gcc/arm-none-eabi/9.3.1/thumb/v7e-m/nofp/crti.o
                0x0000000008000c94                _init
 .init          0x0000000008000c98        0x8 c:/st/stm32cubeide_1.6.1/stm32cubeide/plugins/com.st.stm32cube.ide.mcu.externaltools.gnu-tools-for-stm32.9-2020-q2-update.win32_1.5.0.202011040924/tools/bin/../lib/gcc/arm-none-eabi/9.3.1/thumb/v7e-m/nofp/crtn.o
 *(.fini)
 .fini          0x0000000008000ca0        0x4 c:/st/stm32cubeide_1.6.1/stm32cubeide/plugins/com.st.stm32cube.ide.mcu.externaltools.gnu-tools-for-stm32.9-2020-q2-update.win32_1.5.0.202011040924/tools/bin/../lib/gcc/arm-none-eabi/9.3.1/thumb/v7e-m/nofp/crti.o
                0x0000000008000ca0                _fini
 .fini          0x0000000008000ca4        0x8 c:/st/stm32cubeide_1.6.1/stm32cubeide/plugins/com.st.stm32cube.ide.mcu.externaltools.gnu-tools-for-stm32.9-2020-q2-update.win32_1.5.0.202011040924/tools/bin/../lib/gcc/arm-none-eabi/9.3.1/thumb/v7e-m/nofp/crtn.o
                0x0000000008000cac                . = ALIGN (0x4)
                0x0000000008000cac                _etext = .

.vfp11_veneer   0x0000000008000cac        0x0
 .vfp11_veneer  0x0000000008000cac        0x0 linker stubs

.v4_bx          0x0000000008000cac        0x0
 .v4_bx         0x0000000008000cac        0x0 linker stubs

.iplt           0x0000000008000cac        0x0
 .iplt          0x0000000008000cac        0x0 c:/st/stm32cubeide_1.6.1/stm32cubeide/plugins/com.st.stm32cube.ide.mcu.externaltools.gnu-tools-for-stm32.9-2020-q2-update.win32_1.5.0.202011040924/tools/bin/../lib/gcc/arm-none-eabi/9.3.1/thumb/v7e-m/nofp/crtbegin.o

.rel.dyn        0x0000000008000cac        0x0
 .rel.iplt      0x0000000008000cac        0x0 c:/st/stm32cubeide_1.6.1/stm32cubeide/plugins/com.st.stm32cube.ide.mcu.externaltools.gnu-tools-for-stm32.9-2020-q2-update.win32_1.5.0.202011040924/tools/bin/../lib/gcc/arm-none-eabi/9.3.1/thumb/v7e-m/nofp/crtbegin.o

.rodata         0x0000000008000cac        0x0
                0x0000000008000cac                . = ALIGN (0x4)
 *(.rodata)
 *(.rodata*)
                0x0000000008000cac                . = ALIGN (0x4)

.ARM.extab      0x0000000008000cac        0x0
                0x0000000008000cac                . = ALIGN (0x4)
 *(.ARM.extab* .gnu.linkonce.armextab.*)
                0x0000000008000cac                . = ALIGN (0x4)

.ARM            0x0000000008000cac        0x0
                0x0000000008000cac                . = ALIGN (0x4)
                0x0000000008000cac                __exidx_start = .
 *(.ARM.exidx*)
                0x0000000008000cac                __exidx_end = .
                0x0000000008000cac                . = ALIGN (0x4)

.preinit_array  0x0000000008000cac        0x0
                0x0000000008000cac                . = ALIGN (0x4)
                0x0000000008000cac                PROVIDE (__preinit_array_start = .)
 *(.preinit_array*)
                0x0000000008000cac                PROVIDE (__preinit_array_end = .)
                0x0000000008000cac                . = ALIGN (0x4)

.init_array     0x0000000008000cac        0x4
                0x0000000008000cac                . = ALIGN (0x4)
                0x0000000008000cac                PROVIDE (__init_array_start = .)
 *(SORT_BY_NAME(.init_array.*))
 *(.init_array*)
 .init_array    0x0000000008000cac        0x4 c:/st/stm32cubeide_1.6.1/stm32cubeide/plugins/com.st.stm32cube.ide.mcu.externaltools.gnu-tools-for-stm32.9-2020-q2-update.win32_1.5.0.202011040924/tools/bin/../lib/gcc/arm-none-eabi/9.3.1/thumb/v7e-m/nofp/crtbegin.o
                0x0000000008000cb0                PROVIDE (__init_array_end = .)
                0x0000000008000cb0                . = ALIGN (0x4)

.fini_array     0x0000000008000cb0        0x4
                0x0000000008000cb0                . = ALIGN (0x4)
                [!provide]                        PROVIDE (__fini_array_start = .)
 *(SORT_BY_NAME(.fini_array.*))
 *(.fini_array*)
 .fini_array    0x0000000008000cb0        0x4 c:/st/stm32cubeide_1.6.1/stm32cubeide/plugins/com.st.stm32cube.ide.mcu.externaltools.gnu-tools-for-stm32.9-2020-q2-update.win32_1.5.0.202011040924/tools/bin/../lib/gcc/arm-none-eabi/9.3.1/thumb/v7e-m/nofp/crtbegin.o
                [!provide]                        PROVIDE (__fini_array_end = .)
                0x0000000008000cb4                . = ALIGN (0x4)
                0x0000000008000cb4                _sidata = LOADADDR (.data)

.data           0x0000000020000000        0xc load address 0x0000000008000cb4
                0x0000000020000000                . = ALIGN (0x4)
                0x0000000020000000                _sdata = .
 *(.data)
 *(.data*)
 .data.Tx_Data  0x0000000020000000        0xc Src/SPI_FULL_DUPLEX.o
                0x0000000020000000                Tx_Data
 *(.RamFunc)
 *(.RamFunc*)
                0x000000002000000c                . = ALIGN (0x4)
                0x000000002000000c                _edata = .

.igot.plt       0x000000002000000c        0x0 load address 0x0000000008000cc0
 .igot.plt      0x000000002000000c        0x0 c:/st/stm32cubeide_1.6.1/stm32cubeide/plugins/com.st.stm32cube.ide.mcu.externaltools.gnu-tools-for-stm32.9-2020-q2-update.win32_1.5.0.202011040924/tools/bin/../lib/gcc/arm-none-eabi/9.3.1/thumb/v7e-m/nofp/crtbegin.o
                0x000000002000000c                . = ALIGN (0x4)

.bss            0x000000002000000c       0x48 load address 0x0000000008000cc0
                0x000000002000000c                _sbss = .
                0x000000002000000c                __bss_start__ = _sbss
 *(.bss)
 .bss           0x000000002000000c       0x1c c:/st/stm32cubeide_1.6.1/stm32cubeide/plugins/com.st.stm32cube.ide.mcu.externaltools.gnu-tools-for-stm32.9-2020-q2-update.win32_1.5.0.202011040924/tools/bin/../lib/gcc/arm-none-eabi/9.3.1/thumb/v7e-m/nofp/crtbegin.o
 *(.bss*)
 *(COMMON)
 COMMON         0x0000000020000028       0x2c Src/SPI_FULL_DUPLEX.o
                0x0000000020000028                spi_con
                0x0000000020000048                gpio_con
                0x0000000020000054                . = ALIGN (0x4)
                0x0000000020000054                _ebss = .
                0x0000000020000054                __bss_end__ = _ebss

._user_heap_stack
                0x0000000020000054      0x604 load address 0x0000000008000cc0
                0x0000000020000058                . = ALIGN (0x8)
 *fill*         0x0000000020000054        0x4 
                [!provide]                        PROVIDE (end = .)
                0x0000000020000058                PROVIDE (_end = .)
                0x0000000020000258                . = (. + _Min_Heap_Size)
 *fill*         0x0000000020000058      0x200 
                0x0000000020000658                . = (. + _Min_Stack_Size)
 *fill*         0x0000000020000258      0x400 
                0x0000000020000658                . = ALIGN (0x8)

/DISCARD/
 libc.a(*)
 libm.a(*)
 libgcc.a(*)

.ARM.attributes
                0x0000000000000000       0x2a
 *(.ARM.attributes)
 .ARM.attributes
                0x0000000000000000       0x1e c:/st/stm32cubeide_1.6.1/stm32cubeide/plugins/com.st.stm32cube.ide.mcu.externaltools.gnu-tools-for-stm32.9-2020-q2-update.win32_1.5.0.202011040924/tools/bin/../lib/gcc/arm-none-eabi/9.3.1/thumb/v7e-m/nofp/crti.o
 .ARM.attributes
                0x000000000000001e       0x2e c:/st/stm32cubeide_1.6.1/stm32cubeide/plugins/com.st.stm32cube.ide.mcu.externaltools.gnu-tools-for-stm32.9-2020-q2-update.win32_1.5.0.202011040924/tools/bin/../lib/gcc/arm-none-eabi/9.3.1/thumb/v7e-m/nofp/crtbegin.o
 .ARM.attributes
                0x000000000000004c       0x2e Src/SPI_FULL_DUPLEX.o
 .ARM.attributes
                0x000000000000007a       0x21 Startup/startup_stm32f407vgtx.o
 .ARM.attributes
                0x000000000000009b       0x2e drivers/src/stm32f407xx_gpio_driver.o
 .ARM.attributes
                0x00000000000000c9       0x2e drivers/src/stm32f407xx_spi_driver.o
 .ARM.attributes
                0x00000000000000f7       0x2e c:/st/stm32cubeide_1.6.1/stm32cubeide/plugins/com.st.stm32cube.ide.mcu.externaltools.gnu-tools-for-stm32.9-2020-q2-update.win32_1.5.0.202011040924/tools/bin/../lib/gcc/arm-none-eabi/9.3.1/../../../../arm-none-eabi/lib/thumb/v7e-m/nofp\libc_nano.a(lib_a-init.o)
 .ARM.attributes
                0x0000000000000125       0x17 c:/st/stm32cubeide_1.6.1/stm32cubeide/plugins/com.st.stm32cube.ide.mcu.externaltools.gnu-tools-for-stm32.9-2020-q2-update.win32_1.5.0.202011040924/tools/bin/../lib/gcc/arm-none-eabi/9.3.1/../../../../arm-none-eabi/lib/thumb/v7e-m/nofp\libc_nano.a(lib_a-strlen.o)
 .ARM.attributes
                0x000000000000013c       0x1e c:/st/stm32cubeide_1.6.1/stm32cubeide/plugins/com.st.stm32cube.ide.mcu.externaltools.gnu-tools-for-stm32.9-2020-q2-update.win32_1.5.0.202011040924/tools/bin/../lib/gcc/arm-none-eabi/9.3.1/thumb/v7e-m/nofp/crtn.o
OUTPUT(stm32f4xx_drivers.elf elf32-littlearm)
LOAD linker stubs
LOAD c:/st/stm32cubeide_1.6.1/stm32cubeide/plugins/com.st.stm32cube.ide.mcu.externaltools.gnu-tools-for-stm32.9-2020-q2-update.win32_1.5.0.202011040924/tools/bin/../lib/gcc/arm-none-eabi/9.3.1/../../../../arm-none-eabi/lib/thumb/v7e-m/nofp\libc.a
LOAD c:/st/stm32cubeide_1.6.1/stm32cubeide/plugins/com.st.stm32cube.ide.mcu.externaltools.gnu-tools-for-stm32.9-2020-q2-update.win32_1.5.0.202011040924/tools/bin/../lib/gcc/arm-none-eabi/9.3.1/../../../../arm-none-eabi/lib/thumb/v7e-m/nofp\libm.a
LOAD c:/st/stm32cubeide_1.6.1/stm32cubeide/plugins/com.st.stm32cube.ide.mcu.externaltools.gnu-tools-for-stm32.9-2020-q2-update.win32_1.5.0.202011040924/tools/bin/../lib/gcc/arm-none-eabi/9.3.1/thumb/v7e-m/nofp\libgcc.a

.debug_info     0x0000000000000000     0x1e8c
 .debug_info    0x0000000000000000      0xd75 Src/SPI_FULL_DUPLEX.o
 .debug_info    0x0000000000000d75       0x22 Startup/startup_stm32f407vgtx.o
 .debug_info    0x0000000000000d97      0x7dd drivers/src/stm32f407xx_gpio_driver.o
 .debug_info    0x0000000000001574      0x918 drivers/src/stm32f407xx_spi_driver.o

.debug_abbrev   0x0000000000000000      0x54b
 .debug_abbrev  0x0000000000000000      0x243 Src/SPI_FULL_DUPLEX.o
 .debug_abbrev  0x0000000000000243       0x12 Startup/startup_stm32f407vgtx.o
 .debug_abbrev  0x0000000000000255      0x173 drivers/src/stm32f407xx_gpio_driver.o
 .debug_abbrev  0x00000000000003c8      0x183 drivers/src/stm32f407xx_spi_driver.o

.debug_aranges  0x0000000000000000      0x1a0
 .debug_aranges
                0x0000000000000000       0x48 Src/SPI_FULL_DUPLEX.o
 .debug_aranges
                0x0000000000000048       0x28 Startup/startup_stm32f407vgtx.o
 .debug_aranges
                0x0000000000000070       0x70 drivers/src/stm32f407xx_gpio_driver.o
 .debug_aranges
                0x00000000000000e0       0xc0 drivers/src/stm32f407xx_spi_driver.o

.debug_ranges   0x0000000000000000      0x168
 .debug_ranges  0x0000000000000000       0x38 Src/SPI_FULL_DUPLEX.o
 .debug_ranges  0x0000000000000038       0x20 Startup/startup_stm32f407vgtx.o
 .debug_ranges  0x0000000000000058       0x60 drivers/src/stm32f407xx_gpio_driver.o
 .debug_ranges  0x00000000000000b8       0xb0 drivers/src/stm32f407xx_spi_driver.o

.debug_macro    0x0000000000000000     0x24ec
 .debug_macro   0x0000000000000000      0x1c4 Src/SPI_FULL_DUPLEX.o
 .debug_macro   0x00000000000001c4      0xaa8 Src/SPI_FULL_DUPLEX.o
 .debug_macro   0x0000000000000c6c       0x22 Src/SPI_FULL_DUPLEX.o
 .debug_macro   0x0000000000000c8e       0x8e Src/SPI_FULL_DUPLEX.o
 .debug_macro   0x0000000000000d1c       0x51 Src/SPI_FULL_DUPLEX.o
 .debug_macro   0x0000000000000d6d      0x103 Src/SPI_FULL_DUPLEX.o
 .debug_macro   0x0000000000000e70       0x6a Src/SPI_FULL_DUPLEX.o
 .debug_macro   0x0000000000000eda      0x1df Src/SPI_FULL_DUPLEX.o
 .debug_macro   0x00000000000010b9      0x174 Src/SPI_FULL_DUPLEX.o
 .debug_macro   0x000000000000122d      0x713 Src/SPI_FULL_DUPLEX.o
 .debug_macro   0x0000000000001940      0x106 Src/SPI_FULL_DUPLEX.o
 .debug_macro   0x0000000000001a46       0x9a Src/SPI_FULL_DUPLEX.o
 .debug_macro   0x0000000000001ae0       0xca Src/SPI_FULL_DUPLEX.o
 .debug_macro   0x0000000000001baa       0x52 Src/SPI_FULL_DUPLEX.o
 .debug_macro   0x0000000000001bfc       0x18 Src/SPI_FULL_DUPLEX.o
 .debug_macro   0x0000000000001c14       0x3c Src/SPI_FULL_DUPLEX.o
 .debug_macro   0x0000000000001c50       0x34 Src/SPI_FULL_DUPLEX.o
 .debug_macro   0x0000000000001c84       0x16 Src/SPI_FULL_DUPLEX.o
 .debug_macro   0x0000000000001c9a       0x43 Src/SPI_FULL_DUPLEX.o
 .debug_macro   0x0000000000001cdd       0x34 Src/SPI_FULL_DUPLEX.o
 .debug_macro   0x0000000000001d11       0x10 Src/SPI_FULL_DUPLEX.o
 .debug_macro   0x0000000000001d21       0x58 Src/SPI_FULL_DUPLEX.o
 .debug_macro   0x0000000000001d79       0x71 Src/SPI_FULL_DUPLEX.o
 .debug_macro   0x0000000000001dea       0x1c Src/SPI_FULL_DUPLEX.o
 .debug_macro   0x0000000000001e06      0x12a Src/SPI_FULL_DUPLEX.o
 .debug_macro   0x0000000000001f30      0x339 Src/SPI_FULL_DUPLEX.o
 .debug_macro   0x0000000000002269       0x10 Src/SPI_FULL_DUPLEX.o
 .debug_macro   0x0000000000002279       0x35 Src/SPI_FULL_DUPLEX.o
 .debug_macro   0x00000000000022ae       0x20 Src/SPI_FULL_DUPLEX.o
 .debug_macro   0x00000000000022ce       0xb2 drivers/src/stm32f407xx_gpio_driver.o
 .debug_macro   0x0000000000002380       0xc4 drivers/src/stm32f407xx_gpio_driver.o
 .debug_macro   0x0000000000002444       0xa8 drivers/src/stm32f407xx_spi_driver.o

.debug_line     0x0000000000000000     0x1afe
 .debug_line    0x0000000000000000      0x6f5 Src/SPI_FULL_DUPLEX.o
 .debug_line    0x00000000000006f5       0x84 Startup/startup_stm32f407vgtx.o
 .debug_line    0x0000000000000779      0x9c8 drivers/src/stm32f407xx_gpio_driver.o
 .debug_line    0x0000000000001141      0x9bd drivers/src/stm32f407xx_spi_driver.o

.debug_str      0x0000000000000000     0xa276
 .debug_str     0x0000000000000000     0x9d83 Src/SPI_FULL_DUPLEX.o
                                       0xa001 (size before relaxing)
 .debug_str     0x0000000000009d83       0x31 Startup/startup_stm32f407vgtx.o
                                         0x75 (size before relaxing)
 .debug_str     0x0000000000009db4      0x2ec drivers/src/stm32f407xx_gpio_driver.o
                                       0x6e65 (size before relaxing)
 .debug_str     0x000000000000a0a0      0x1d6 drivers/src/stm32f407xx_spi_driver.o
                                       0x6ee4 (size before relaxing)

.comment        0x0000000000000000       0x53
 .comment       0x0000000000000000       0x53 Src/SPI_FULL_DUPLEX.o
                                         0x54 (size before relaxing)
 .comment       0x0000000000000053       0x54 drivers/src/stm32f407xx_gpio_driver.o
 .comment       0x0000000000000053       0x54 drivers/src/stm32f407xx_spi_driver.o

.debug_frame    0x0000000000000000      0x60c
 .debug_frame   0x0000000000000000       0xdc Src/SPI_FULL_DUPLEX.o
 .debug_frame   0x00000000000000dc      0x1c8 drivers/src/stm32f407xx_gpio_driver.o
 .debug_frame   0x00000000000002a4      0x33c drivers/src/stm32f407xx_spi_driver.o
 .debug_frame   0x00000000000005e0       0x2c c:/st/stm32cubeide_1.6.1/stm32cubeide/plugins/com.st.stm32cube.ide.mcu.externaltools.gnu-tools-for-stm32.9-2020-q2-update.win32_1.5.0.202011040924/tools/bin/../lib/gcc/arm-none-eabi/9.3.1/../../../../arm-none-eabi/lib/thumb/v7e-m/nofp\libc_nano.a(lib_a-init.o)
