stm32f407xx_spi_driver.c:36:6:SPI_PeriClockControl	16	static
stm32f407xx_spi_driver.c:95:7:SPI_Init	24	static
stm32f407xx_spi_driver.c:169:9:SPI_PeripheralControl	16	static
stm32f407xx_spi_driver.c:203:7:SPI_SSOEConfig	16	static
stm32f407xx_spi_driver.c:239:7:SPI_SSIConfig	16	static
stm32f407xx_spi_driver.c:272:6:SPI_DeInit	16	static
stm32f407xx_spi_driver.c:312:9:SPI_GetFlagStatus	16	static
stm32f407xx_spi_driver.c:338:6:SPI_Transmit	24	static
stm32f407xx_spi_driver.c:379:6:SPI_Receive	24	static
stm32f407xx_spi_driver.c:424:6:SPI_IRQ_IT_Config	16	static
stm32f407xx_spi_driver.c:484:6:SPI_IRQ_PriorityConfig	24	static
stm32f407xx_spi_driver.c:499:11:SPI_Transmit_IT	32	static
stm32f407xx_spi_driver.c:523:12:SPI_Receive_IT	32	static
stm32f407xx_spi_driver.c:545:6:SPI_IRQHandling	24	static
stm32f407xx_spi_driver.c:586:13:spi_txe_interrupt_handle	16	static
stm32f407xx_spi_driver.c:610:13:spi_rxne_interrupt_handle	16	static
stm32f407xx_spi_driver.c:632:13:spi_errer_interrupt_handle	24	static
stm32f407xx_spi_driver.c:645:6:SPI_Close_Transmit	16	static
stm32f407xx_spi_driver.c:652:6:SPI_Clear_OVRERR	24	static
stm32f407xx_spi_driver.c:664:6:SPI_Close_Reception	16	static
stm32f407xx_spi_driver.c:674:14:SPI_event_Callback	16	static
